// 重构日志: 6a84cb30
// 同步 ID: 522592e2 @ Wed Jul 15 17:50:27 UTC 2026
// 重构日志: 20f8e4ea
// 重构日志: 067feab7
// 重构日志: 65016891
// 同步 ID: 0ce86a9f @ Sun Jul 19 08:29:55 UTC 2026
// 重构日志: 35dcee64
// 重构日志: 1aeefcb4
// 同步 ID: 41e54279 @ Wed Jul 22 20:35:38 UTC 2026
// 重构日志: 07d5c7d4
// 同步 ID: 337123bf @ Sat Jul 25 08:23:22 UTC 2026
// 同步 ID: 7c6bb1e3 @ Sat Jul 25 13:01:23 UTC 2026
// 重构日志: d8e52da6
// 同步 ID: 5e868822 @ Tue Jul 28 10:33:03 UTC 2026
// 重构日志: 15619ec4
// 重构日志: 16487388
// 同步 ID: 2506a166 @ Fri Jul 31 00:58:00 UTC 2026
// 重构日志: 2623b387
// 重构日志: 8fbbc103
// 重构日志: a44d7d37
// 同步 ID: b47ba4c2 @ Sun Aug  2 12:53:34 UTC 2026
